[    0.000000] Linux version 4.15.0-212-generic (buildd@lcy02-amd64-083) (gcc version 7.5.0 (Ubuntu 7.5.0-3ubuntu1~18.04)) #223-Ubuntu SMP Tue May 23 13:09:22 UTC 2023 (Ubuntu 4.15.0-212.223-generic 4.15.18)
[    0.000000] Command line: BOOT_IMAGE=/boot/vmlinuz-4.15.0-212-generic root=LABEL=cloudimg-rootfs ro console=tty1 console=ttyS0
[    0.000000] KERNEL supported cpus:
[    0.000000]   Intel GenuineIntel
[    0.000000]   AMD AuthenticAMD
[    0.000000]   Centaur CentaurHauls
[    0.000000] x86/fpu: x87 FPU will use FXSAVE
[    0.000000] e820: BIOS-provided physical RAM map:
[    0.000000] BIOS-e820: [mem 0x0000000000000000-0x000000000009fbff] usable
[    0.000000] BIOS-e820: [mem 0x000000000009fc00-0x000000000009ffff] reserved
[    0.000000] BIOS-e820: [mem 0x00000000000f0000-0x00000000000fffff] reserved
[    0.000000] BIOS-e820: [mem 0x0000000000100000-0x000000003ffeffff] usable
[    0.000000] BIOS-e820: [mem 0x000000003fff0000-0x000000003fffffff] ACPI data
[    0.000000] BIOS-e820: [mem 0x00000000fec00000-0x00000000fec00fff] reserved
[    0.000000] BIOS-e820: [mem 0x00000000fee00000-0x00000000fee00fff] reserved
[    0.000000] BIOS-e820: [mem 0x00000000fffc0000-0x00000000ffffffff] reserved
[    0.000000] NX (Execute Disable) protection: active
[    0.000000] SMBIOS 2.5 present.
[    0.000000] DMI: innotek GmbH VirtualBox/VirtualBox, BIOS VirtualBox 12/01/2006
[    0.000000] Hypervisor detected: KVM
[    0.000000] e820: last_pfn = 0x3fff0 max_arch_pfn = 0x400000000
[    0.000000] MTRR: Disabled
[    0.000000] x86/PAT: MTRRs disabled, skipping PAT initialization too.
[    0.000000] CPU MTRRs all blank - virtualized system.
[    0.000000] x86/PAT: Configuration [0-7]: WB  WT  UC- UC  WB  WT  UC- UC  
[    0.000000] found SMP MP-table at [mem 0x0009fff0-0x0009ffff]
[    0.000000] Scanning 1 areas for low memory corruption
[    0.000000] RAMDISK: [mem 0x3580f000-0x36bfefff]
[    0.000000] ACPI: Early table checksum verification disabled
[    0.000000] ACPI: RSDP 0x00000000000E0000 000024 (v02 VBOX  )
[    0.000000] ACPI: XSDT 0x000000003FFF0030 00003C (v01 VBOX   VBOXXSDT 00000001 ASL  00000061)
[    0.000000] ACPI: FACP 0x000000003FFF00F0 0000F4 (v04 VBOX   VBOXFACP 00000001 ASL  00000061)
[    0.000000] ACPI: DSDT 0x000000003FFF0610 002353 (v02 VBOX   VBOXBIOS 00000002 INTL 20100528)
[    0.000000] ACPI: FACS 0x000000003FFF0200 000040
[    0.000000] ACPI: FACS 0x000000003FFF0200 000040
[    0.000000] ACPI: APIC 0x000000003FFF0240 00005C (v02 VBOX   VBOXAPIC 00000001 ASL  00000061)
[    0.000000] ACPI: SSDT 0x000000003FFF02A0 00036C (v01 VBOX   VBOXCPUT 00000002 INTL 20100528)
[    0.000000] ACPI: Reserving FACP table memory at [mem 0x3fff00f0-0x3fff01e3]
[    0.000000] ACPI: Reserving DSDT table memory at [mem 0x3fff0610-0x3fff2962]
[    0.000000] ACPI: Reserving FACS table memory at [mem 0x3fff0200-0x3fff023f]
[    0.000000] ACPI: Reserving FACS table memory at [mem 0x3fff0200-0x3fff023f]
[    0.000000] ACPI: Reserving APIC table memory at [mem 0x3fff0240-0x3fff029b]
[    0.000000] ACPI: Reserving SSDT table memory at [mem 0x3fff02a0-0x3fff060b]
[    0.000000] No NUMA configuration found
[    0.000000] Faking a node at [mem 0x0000000000000000-0x000000003ffeffff]
[    0.000000] NODE_DATA(0) allocated [mem 0x3ffc5000-0x3ffeffff]
[    0.000000] kvm-clock: cpu 0, msr 0:3ff44001, primary cpu clock
[    0.000000] kvm-clock: Using msrs 4b564d01 and 4b564d00
[    0.000000] kvm-clock: using sched offset of 4081388402 cycles
[    0.000000] clocksource: kvm-clock: mask: 0xffffffffffffffff max_cycles: 0x1cd42e4dffb, max_idle_ns: 881590591483 ns
[    0.000000] Zone ranges:
[    0.000000]   DMA      [mem 0x0000000000001000-0x0000000000ffffff]
[    0.000000]   DMA32    [mem 0x0000000001000000-0x000000003ffeffff]
[    0.000000]   Normal   empty
[    0.000000]   Device   empty
[    0.000000] Movable zone start for each node
[    0.000000] Early memory node ranges
[    0.000000]   node   0: [mem 0x0000000000001000-0x000000000009efff]
[    0.000000]   node   0: [mem 0x0000000000100000-0x000000003ffeffff]
[    0.000000] Reserved but unavailable: 104 pages
[    0.000000] Initmem setup node 0 [mem 0x0000000000001000-0x000000003ffeffff]
[    0.000000] ACPI: PM-Timer IO Port: 0x4008
[    0.000000] IOAPIC[0]: apic_id 2, version 32, address 0xfec00000, GSI 0-23
[    0.000000] ACPI: INT_SRC_OVR (bus 0 bus_irq 0 global_irq 2 dfl dfl)
[    0.000000] ACPI: INT_SRC_OVR (bus 0 bus_irq 9 global_irq 9 low level)
[    0.000000] Using ACPI (MADT) for SMP configuration information
[    0.000000] smpboot: Allowing 2 CPUs, 0 hotplug CPUs
[    0.000000] PM: Registered nosave memory: [mem 0x00000000-0x00000fff]
[    0.000000] PM: Registered nosave memory: [mem 0x0009f000-0x0009ffff]
[    0.000000] PM: Registered nosave memory: [mem 0x000a0000-0x000effff]
[    0.000000] PM: Registered nosave memory: [mem 0x000f0000-0x000fffff]
[    0.000000] e820: [mem 0x40000000-0xfebfffff] available for PCI devices
[    0.000000] Booting paravirtualized kernel on KVM
[    0.000000] clocksource: refined-jiffies: mask: 0xffffffff max_cycles: 0xffffffff, max_idle_ns: 7645519600211568 ns
[    0.000000] setup_percpu: NR_CPUS:8192 nr_cpumask_bits:2 nr_cpu_ids:2 nr_node_ids:1
[    0.000000] percpu: Embedded 50 pages/cpu s167936 r8192 d28672 u1048576
[    0.000000] PV qspinlock hash table entries: 256 (order: 0, 4096 bytes)
[    0.000000] Built 1 zonelists, mobility grouping on.  Total pages: 257913
[    0.000000] Policy zone: DMA32
[    0.000000] Kernel command line: BOOT_IMAGE=/boot/vmlinuz-4.15.0-212-generic root=LABEL=cloudimg-rootfs ro console=tty1 console=ttyS0
[    0.000000] Memory: 981756K/1048120K available (12300K kernel code, 2477K rwdata, 4324K rodata, 2480K init, 2720K bss, 66364K reserved, 0K cma-reserved)
[    0.000000] SLUB: HWalign=64, Order=0-3, MinObjects=0, CPUs=2, Nodes=1
[    0.000000] Kernel/User page tables isolation: enabled
[    0.000000] ftrace: allocating 39508 entries in 155 pages
[    0.004000] Hierarchical RCU implementation.
[    0.004000] 	RCU restricting CPUs from NR_CPUS=8192 to nr_cpu_ids=2.
[    0.004000] 	Tasks RCU enabled.
[    0.004000] RCU: Adjusting geometry for rcu_fanout_leaf=16, nr_cpu_ids=2
[    0.004000] NR_IRQS: 524544, nr_irqs: 440, preallocated irqs: 16
[    0.004000] random: crng init done
[    0.004000] Console: colour VGA+ 80x25
[    0.004000] console [tty1] enabled
[    0.004000] console [ttyS0] enabled
[    0.004000] ACPI: Core revision 20170831
[    0.004000] ACPI: 2 ACPI AML tables successfully acquired and loaded
[    0.004000] APIC: Switch to symmetric I/O mode setup
[    0.008000] ..TIMER: vector=0x30 apic1=0 pin1=2 apic2=-1 pin2=-1
[    0.008006] tsc: Detected 2400.006 MHz processor
[    0.012011] Calibrating delay loop (skipped) preset value.. 4800.01 BogoMIPS (lpj=9600024)
[    0.016003] pid_max: default: 32768 minimum: 301
[    0.020099] Security Framework initialized
[    0.024003] Yama: becoming mindful.
[    0.027803] AppArmor: AppArmor initialized
[    0.036738] Dentry cache hash table entries: 131072 (order: 8, 1048576 bytes)
[    0.042560] Inode-cache hash table entries: 65536 (order: 7, 524288 bytes)
[    0.044093] Mount-cache hash table entries: 2048 (order: 2, 16384 bytes)
[    0.048081] Mountpoint-cache hash table entries: 2048 (order: 2, 16384 bytes)
[    0.056897] Last level iTLB entries: 4KB 64, 2MB 8, 4MB 8
[    0.060002] Last level dTLB entries: 4KB 64, 2MB 0, 4MB 0, 1GB 4
[    0.064003] Spectre V1 : Mitigation: usercopy/swapgs barriers and __user pointer sanitization
[    0.068003] Spectre V2 : Mitigation: Retpolines
[    0.076002] Spectre V2 : Spectre v2 / SpectreRSB mitigation: Filling RSB on context switch
[    0.080002] Spectre V2 : Spectre v2 / SpectreRSB : Filling RSB on VMEXIT
[    0.084002] RETBleed: WARNING: Spectre v2 mitigation leaves CPU vulnerable to RETBleed attacks, data leaks possible!
[    0.088002] RETBleed: Vulnerable
[    0.092002] Speculative Store Bypass: Vulnerable
[    0.096097] MDS: Mitigation: Clear CPU buffers
[    0.100002] MMIO Stale Data: Mitigation: Clear CPU buffers
[    0.104003] SRBDS: Unknown: Dependent on hypervisor status
[    0.108173] Freeing SMP alternatives memory: 36K
[    0.226340] APIC calibration not consistent with PM-Timer: 101ms instead of 100ms
[    0.228000] APIC delta adjusted to PM-Timer: 6274888 (6382014)
[    0.228417] smpboot: CPU0: Intel(R) Core(TM) i5-9300H CPU @ 2.40GHz (family: 0x6, model: 0x9e, stepping: 0xa)
[    0.232542] Performance Events: unsupported p6 CPU model 158 no PMU driver, software events only.
[    0.236130] Hierarchical SRCU implementation.
[    0.240869] NMI watchdog: Perf event create on CPU 0 failed with -2
[    0.244002] NMI watchdog: Perf NMI watchdog permanently disabled
[    0.248414] smp: Bringing up secondary CPUs ...
[    0.253225] x86: Booting SMP configuration:
[    0.256002] .... node  #0, CPUs:      #1
[    0.004000] kvm-clock: cpu 1, msr 0:3ff44041, secondary cpu clock
[    0.270045] TSC synchronization [CPU#0 -> CPU#1]:
[    0.272000] Measured 64895 cycles TSC warp between CPUs, turning off TSC clock.
[    0.272000] tsc: Marking TSC unstable due to check_tsc_sync_source failed
[    0.276350] smp: Brought up 1 node, 2 CPUs
[    0.280009] smpboot: Max logical packages: 1
[    0.284010] smpboot: Total of 2 processors activated (9600.02 BogoMIPS)
[    0.292083] devtmpfs: initialized
[    0.296148] x86/mm: Memory block size: 128MB
[    0.300558] evm: security.selinux
[    0.304005] evm: security.SMACK64
[    0.308005] evm: security.SMACK64EXEC
[    0.312023] evm: security.SMACK64TRANSMUTE
[    0.316004] evm: security.SMACK64MMAP
[    0.320003] evm: security.apparmor
[    0.324004] evm: security.ima
[    0.328005] evm: security.capability
[    0.332515] clocksource: jiffies: mask: 0xffffffff max_cycles: 0xffffffff, max_idle_ns: 7645041785100000 ns
[    0.336044] futex hash table entries: 512 (order: 3, 32768 bytes)
[    0.340252] pinctrl core: initialized pinctrl subsystem
[    0.344569] RTC time:  0:31:11, date: 11/09/24
[    0.353035] NET: Registered protocol family 16
[    0.356137] audit: initializing netlink subsys (disabled)
[    0.364004] audit: type=2000 audit(1731112276.401:1): state=initialized audit_enabled=0 res=1
[    0.372011] cpuidle: using governor ladder
[    0.376018] cpuidle: using governor menu
[    0.380096] ACPI: bus type PCI registered
[    0.384004] acpiphp: ACPI Hot Plug PCI Controller Driver version: 0.5
[    0.388624] PCI: Using configuration type 1 for base access
[    0.400394] HugeTLB registered 2.00 MiB page size, pre-allocated 0 pages
[    0.408516] ACPI: Added _OSI(Module Device)
[    0.412012] ACPI: Added _OSI(Processor Device)
[    0.416005] ACPI: Added _OSI(3.0 _SCP Extensions)
[    0.424004] ACPI: Added _OSI(Processor Aggregator Device)
[    0.428011] ACPI: Added _OSI(Linux-Dell-Video)
[    0.432125] ACPI: Added _OSI(Linux-Lenovo-NV-HDMI-Audio)
[    0.436006] ACPI: Added _OSI(Linux-HPI-Hybrid-Graphics)
[    0.440978] ACPI: Executed 1 blocks of module-level executable AML code
[    0.450384] ACPI: Interpreter enabled
[    0.452019] ACPI: (supports S0 S5)
[    0.456004] ACPI: Using IOAPIC for interrupt routing
[    0.464203] PCI: Using host bridge windows from ACPI; if necessary, use "pci=nocrs" and report a bug
[    0.468323] ACPI: Enabled 2 GPEs in block 00 to 07
[    0.487165] ACPI: PCI Root Bridge [PCI0] (domain 0000 [bus 00-ff])
[    0.488012] acpi PNP0A03:00: _OSC: OS supports [ASPM ClockPM Segments MSI]
[    0.492758] acpi PNP0A03:00: _OSC: not requesting OS control; OS requires [ExtendedConfig ASPM ClockPM MSI]
[    0.496019] acpi PNP0A03:00: fail to add MMCONFIG information, can't access extended PCI configuration space under this bridge.
[    0.500927] PCI host bridge to bus 0000:00
[    0.504005] pci_bus 0000:00: root bus resource [io  0x0000-0x0cf7 window]
[    0.508007] pci_bus 0000:00: root bus resource [io  0x0d00-0xffff window]
[    0.512007] pci_bus 0000:00: root bus resource [mem 0x000a0000-0x000bffff window]
[    0.516008] pci_bus 0000:00: root bus resource [mem 0x40000000-0xfdffffff window]
[    0.520005] pci_bus 0000:00: root bus resource [bus 00-ff]
[    0.535017] pci 0000:00:01.1: legacy IDE quirk: reg 0x10: [io  0x01f0-0x01f7]
[    0.536027] pci 0000:00:01.1: legacy IDE quirk: reg 0x14: [io  0x03f6]
[    0.540006] pci 0000:00:01.1: legacy IDE quirk: reg 0x18: [io  0x0170-0x0177]
[    0.544009] pci 0000:00:01.1: legacy IDE quirk: reg 0x1c: [io  0x0376]
[    0.574369] pci 0000:00:07.0: quirk: [io  0x4000-0x403f] claimed by PIIX4 ACPI
[    0.576047] pci 0000:00:07.0: quirk: [io  0x4100-0x410f] claimed by PIIX4 SMB
[    0.589968] ACPI: PCI Interrupt Link [LNKA] (IRQs 5 9 10 *11)
[    0.592722] ACPI: PCI Interrupt Link [LNKB] (IRQs 5 9 *10 11)
[    0.596261] ACPI: PCI Interrupt Link [LNKC] (IRQs 5 *9 10 11)
[    0.600269] ACPI: PCI Interrupt Link [LNKD] (IRQs 5 9 10 *11)
[    0.605064] SCSI subsystem initialized
[    0.608256] pci 0000:00:02.0: vgaarb: setting as boot VGA device
[    0.612000] pci 0000:00:02.0: vgaarb: VGA device added: decodes=io+mem,owns=io+mem,locks=none
[    0.612006] pci 0000:00:02.0: vgaarb: bridge control possible
[    0.616003] vgaarb: loaded
[    0.620111] ACPI: bus type USB registered
[    0.624018] usbcore: registered new interface driver usbfs
[    0.628036] usbcore: registered new interface driver hub
[    0.632011] usbcore: registered new device driver usb
[    0.636305] EDAC MC: Ver: 3.0.0
[    0.644176] PCI: Using ACPI for IRQ routing
[    0.648810] NetLabel: Initializing
[    0.652002] NetLabel:  domain hash size = 128
[    0.656002] NetLabel:  protocols = UNLABELED CIPSOv4 CALIPSO
[    0.660022] NetLabel:  unlabeled traffic allowed by default
[    0.664248] clocksource: Switched to clocksource kvm-clock
[    0.691296] VFS: Disk quotas dquot_6.6.0
[    0.691296] VFS: Dquot-cache hash table entries: 512 (order 0, 4096 bytes)
[    0.691296] AppArmor: AppArmor Filesystem Enabled
[    0.691296] pnp: PnP ACPI init
[    0.691296] pnp: PnP ACPI: found 3 devices
[    0.797364] clocksource: acpi_pm: mask: 0xffffff max_cycles: 0xffffff, max_idle_ns: 2085701024 ns
[    0.800375] NET: Registered protocol family 2
[    0.800375] IP idents hash table entries: 16384 (order: 5, 131072 bytes)
[    0.823283] TCP established hash table entries: 8192 (order: 4, 65536 bytes)
[    0.831273] TCP bind hash table entries: 8192 (order: 5, 131072 bytes)
[    0.834889] TCP: Hash tables configured (established 8192 bind 8192)
[    0.834889] UDP hash table entries: 512 (order: 2, 16384 bytes)
[    0.834889] UDP-Lite hash table entries: 512 (order: 2, 16384 bytes)
[    0.834889] NET: Registered protocol family 1
[    0.834889] pci 0000:00:00.0: Limiting direct PCI/PCI transfers
[    0.834889] pci 0000:00:01.0: Activating ISA DMA hang workarounds
[    0.834889] pci 0000:00:02.0: Video device with shadowed ROM at [mem 0x000c0000-0x000dffff]
[    0.834889] Unpacking initramfs...
[    1.480161] Freeing initrd memory: 20416K
[    1.485535] clocksource: tsc: mask: 0xffffffffffffffff max_cycles: 0x22983d4fda2, max_idle_ns: 440795302975 ns
[    1.498044] platform rtc_cmos: registered platform RTC device (no PNP device found)
[    1.506260] Scanning for low memory corruption every 60 seconds
[    1.514690] Initialise system trusted keyrings
[    1.519416] Key type blacklist registered
[    1.524261] workingset: timestamp_bits=36 max_order=18 bucket_order=0
[    1.533750] zbud: loaded
[    1.538848] squashfs: version 4.0 (2009/01/31) Phillip Lougher
[    1.547170] fuse init (API version 7.26)
[    1.581588] Key type asymmetric registered
[    1.587589] Asymmetric key parser 'x509' registered
[    1.594856] Block layer SCSI generic (bsg) driver version 0.4 loaded (major 246)
[    1.605944] io scheduler noop registered
[    1.611507] io scheduler deadline registered
[    1.617965] io scheduler cfq registered (default)
[    1.626020] ACPI: AC Adapter [AC] (on-line)
[    1.632972] input: Power Button as /devices/LNXSYSTM:00/LNXPWRBN:00/input/input0
[    1.644854] ACPI: Power Button [PWRF]
[    1.653235] input: Sleep Button as /devices/LNXSYSTM:00/LNXSLPBN:00/input/input1
[    1.665254] ACPI: Sleep Button [SLPF]
[    1.672754] Serial: 8250/16550 driver, 32 ports, IRQ sharing enabled
[    1.673013 ACPI: Battery Slot [BAT0] (battery present)
[    1.714128] 00:02: ttyS0 at I/O 0x3f8 (irq = 4, base_baud = 115200) is a 16550A
[    1.729741] Linux agpgart interface v0.103
[    1.737820] loop: module loaded
[    1.743657] scsi host0: ata_piix
[    1.747839] scsi host1: ata_piix
[    1.752185] ata1: PATA max UDMA/33 cmd 0x1f0 ctl 0x3f6 bmdma 0xd000 irq 14
[    1.760712] ata2: PATA max UDMA/33 cmd 0x170 ctl 0x376 bmdma 0xd008 irq 15
[    1.769590] tun: Universal TUN/TAP device driver, 1.6
[    1.775364] PPP generic driver version 2.4.2
[    1.780855] ehci_hcd: USB 2.0 'Enhanced' Host Controller (EHCI) Driver
[    1.788159] ehci-pci: EHCI PCI platform driver
[    1.793115] ehci-platform: EHCI generic platform driver
[    1.798201] ohci_hcd: USB 1.1 'Open' Host Controller (OHCI) Driver
[    1.804993] ohci-pci: OHCI PCI platform driver
[    1.811055] ohci-platform: OHCI generic platform driver
[    1.816587] uhci_hcd: USB Universal Host Controller Interface driver
[    1.823776] i8042: PNP: PS/2 Controller [PNP0303:PS2K,PNP0f03:PS2M] at 0x60,0x64 irq 1,12
[    1.837087] serio: i8042 KBD port at 0x60,0x64 irq 1
[    1.842890] serio: i8042 AUX port at 0x60,0x64 irq 12
[    1.848597] mousedev: PS/2 mouse device common for all mice
[    1.855711] input: AT Translated Set 2 keyboard as /devices/platform/i8042/serio0/input/input2
[    1.867239] rtc_cmos rtc_cmos: rtc core: registered rtc_cmos as rtc0
[    1.874123] rtc_cmos rtc_cmos: alarms up to one day, 114 bytes nvram
[    1.880618] i2c /dev entries driver
[    1.884569] device-mapper: uevent: version 1.0.3
[    1.890371] device-mapper: ioctl: 4.37.0-ioctl (2017-09-20) initialised: dm-devel@redhat.com
[    1.899673] ledtrig-cpu: registered to indicate activity on CPUs
[    1.909587] NET: Registered protocol family 10
[    1.924461] Segment Routing with IPv6
[    1.928409] NET: Registered protocol family 17
[    1.994286] Key type dns_resolver registered
[    1.999645] mce: Using 0 MCE banks
[    2.003630] RAS: Correctable Errors collector initialized.
[    2.009436] sched_clock: Marking stable (2009382175, 0)->(2904542043, -895159868)
[    2.020781] registered taskstats version 1
[    2.025682] Loading compiled-in X.509 certificates
[    2.035585] Loaded X.509 cert 'Build time autogenerated kernel key: b5b26778eaa3ab3a4a6cee031137706e947d12ad'
[    2.045795] Loaded X.509 cert 'Canonical Ltd. Live Patch Signing: 14df34d1a87cf37625abec039ef2bf521249b969'
[    2.055593] Loaded X.509 cert 'Canonical Ltd. Kernel Module Signing: 88f752e560a1e0737e31163a466ad7b70a850c19'
[    2.065540] blacklist: Loading compiled-in revocation X.509 certificates
[    2.072366] Loaded X.509 cert 'Canonical Ltd. Secure Boot Signing: 61482aa2830d0ab2ad5af10b7250da9033ddcef0'
[    2.081588] Loaded X.509 cert 'Canonical Ltd. Secure Boot Signing (2017): 242ade75ac4a15e50d50c84b0d45ff3eae707a03'
[    2.091597] Loaded X.509 cert 'Canonical Ltd. Secure Boot Signing (ESM 2018): 365188c1d374d6b07c3c8f240f8ef722433d6a8b'
[    2.101924] Loaded X.509 cert 'Canonical Ltd. Secure Boot Signing (2019): c0746fd6c5da3ae827864651ad66ae47fe24b3e8'
[    2.111964] Loaded X.509 cert 'Canonical Ltd. Secure Boot Signing (2021 v1): a8d54bbb3825cfb94fa13c9f8a594a195c107b8d'
[    2.122195] Loaded X.509 cert 'Canonical Ltd. Secure Boot Signing (2021 v2): 4cf046892d6fd3c9a5b03f98d845f90851dc6a8c'
[    2.132678] Loaded X.509 cert 'Canonical Ltd. Secure Boot Signing (2021 v3): 100437bb6de6e469b581e61cd66bce3ef4ed53af'
[    2.142747] Loaded X.509 cert 'Canonical Ltd. Secure Boot Signing (Ubuntu Core 2019): c1d57b8f6b743f23ee41f4f7ee292f06eecadfb9'
[    2.153952] zswap: loaded using pool lzo/zbud
[    2.171576] Key type big_key registered
[    2.176520] Key type trusted registered
[    2.188568] Key type encrypted registered
[    2.195100] AppArmor: AppArmor sha1 policy hashing enabled
[    2.203750] ima: No TPM chip found, activating TPM-bypass! (rc=-19)
[    2.211379] ima: Allocated hash algorithm: sha1
[    2.216488] evm: HMAC attrs: 0x1
[    2.220877]   Magic number: 0:182:506
[    2.226337] rtc_cmos rtc_cmos: setting system clock to 2024-11-09 00:31:13 UTC (1731112273)
[    2.238234] BIOS EDD facility v0.16 2004-Jun-25, 0 devices found
[    2.245865] EDD information not available.
[    2.255445] Freeing unused kernel image memory: 2480K
[    2.276531] Write protecting the kernel read-only data: 20480k
[    2.283613] Freeing unused kernel image memory: 2008K
[    2.289320] Freeing unused kernel image memory: 1820K
[    2.300160] x86/mm: Checked W+X mappings: passed, no W+X pages found.
[    2.306833] x86/mm: Checking user space page tables
[    2.316928] x86/mm: Checked W+X mappings: passed, no W+X pages found.
Loading, please wait...
starting version 237
[    2.413706] e1000: Intel(R) PRO/1000 Network Driver - version 7.3.21-k8-NAPI
[    2.423377] e1000: Copyright (c) 1999-2006 Intel Corporation.
[    2.446970] Fusion MPT base driver 3.04.20
[    2.452428] Copyright (c) 1999-2008 LSI Corporation
[    2.471130] SSE version of gcm_enc/dec engaged.
[    2.487424] Fusion MPT SPI Host driver 3.04.20
[    2.522562] vboxvideo: loading out-of-tree module taints kernel.
[    2.539716] vboxvideo: module verification failed: signature and/or required key missing - tainting kernel
[    2.554294] vboxvideo: loading version 7.0.20 r163906
[    2.750800] input: ImExPS/2 Generic Explorer Mouse as /devices/platform/i8042/serio1/input/input4
[    3.189037] e1000 0000:00:03.0 eth0: (PCI:33MHz:32-bit) 02:3b:7b:b7:3b:2d
[    3.196135] e1000 0000:00:03.0 eth0: Intel(R) PRO/1000 Network Connection
[    3.205443] mptbase: ioc0: Initiating bringup
[    3.206375] e1000 0000:00:03.0 enp0s3: renamed from eth0
[    3.337314] ioc0: LSI53C1030 A0: Capabilities={Initiator}
[    4.205208] scsi host2: ioc0: LSI53C1030 A0, FwRev=00000000h, Ports=1, MaxQ=256, IRQ=20
[    4.437658] scsi 2:0:0:0: Direct-Access     VBOX     HARDDISK         1.0  PQ: 0 ANSI: 5
[    4.447400] [drm] VRAM 01000000
[    4.452358] [TTM] Zone  kernel: Available graphics memory: 504258 kiB
[    4.459186] [TTM] Initializing pool allocator
[    4.463527] [TTM] Initializing DMA pool allocator
[    4.486041] fbcon: vboxdrmfb (fb0) is primary device
[    4.506002] Console: switching to colour frame buffer device 100x37
[    4.523400] scsi target2:0:0: Beginning Domain Validation
[    4.526625] vboxvideo 0000:00:02.0: fb0: vboxdrmfb frame buffer device
[    4.544479] scsi target2:0:0: Domain Validation skipping write tests
[    4.547941] scsi target2:0:0: Ending Domain Validation
[    4.551212] scsi target2:0:0: asynchronous
[    4.552391] [drm] Initialized vboxvideo 1.0.0 20130823 for 0000:00:02.0 on minor 0
[    4.555360] scsi 2:0:1:0: Direct-Access     VBOX     HARDDISK         1.0  PQ: 0 ANSI: 5
[    4.732882] scsi target2:0:1: Beginning Domain Validation
[    4.742945] scsi target2:0:1: Domain Validation skipping write tests
[    4.747651] scsi target2:0:1: Ending Domain Validation
[    4.750677] scsi target2:0:1: asynchronous
[    4.769284] sd 2:0:0:0: [sda] 83886080 512-byte logical blocks: (42.9 GB/40.0 GiB)
[    4.778219] sd 2:0:0:0: [sda] Write Protect is off
[    4.785856] sd 2:0:0:0: Attached scsi generic sg0 type 0
[    4.795262] sd 2:0:0:0: [sda] Incomplete mode parameter data
[    4.797372] sd 2:0:1:0: Attached scsi generic sg1 type 0
[    4.803021] sd 2:0:0:0: [sda] Assuming drive cache: write through
[    4.820602] sd 2:0:1:0: [sdb] 20480 512-byte logical blocks: (10.5 MB/10.0 MiB)
[    4.830249] sd 2:0:1:0: [sdb] Write Protect is off
[    4.833433]  sda: sda1
[    4.847205] sd 2:0:1:0: [sdb] Incomplete mode parameter data
[    4.851490] sd 2:0:0:0: [sda] Attached SCSI disk
[    4.859474] sd 2:0:1:0: [sdb] Assuming drive cache: write through
[    4.890353] sd 2:0:1:0: [sdb] Attached SCSI disk
Begin: Loading essential drivers ... [    5.156159] raid6: sse2x1   gen() 11459 MB/s
[    5.212529] raid6: sse2x1   xor()  7493 MB/s
[    5.268776] raid6: sse2x2   gen() 13242 MB/s
[    5.324329] raid6: sse2x2   xor()  9189 MB/s
[    5.380663] raid6: sse2x4   gen() 16398 MB/s
[    5.436808] raid6: sse2x4   xor()  8515 MB/s
[    5.446052] raid6: using algorithm sse2x4 gen() 16398 MB/s
[    5.456991] raid6: .... xor() 8515 MB/s, rmw enabled
[    5.468157] raid6: using ssse3x2 recovery algorithm
[    5.481494] xor: measuring software checksum speed
[  340.432181] INFO: rcu_sched self-detected stall on CPU
[  340.432165] INFO: rcu_sched detected stalls on CPUs/tasks:
[  340.447306] 	1-...!: (2 ticks this GP) idle=34a/140000000000001/0 softirq=880/880 fqs=2 
[  340.477363] 	 (t=83738 jiffies g=-137 c=-138 q=154)
[  340.477380] 	1-...!: (2 ticks this GP) idle=34a/140000000000001/0 softirq=880/880 fqs=2 
[  340.488828] rcu_sched kthread starved for 83732 jiffies! g18446744073709551479 c18446744073709551478 f0x0 RCU_GP_WAIT_FQS(3) ->state=0x402 ->cpu=0
[  340.488831] rcu_sched       I    0     8      2 0x80000000
[  340.502540] 	(detected by 0, t=83738 jiffies, g=-137, c=-138, q=154)
[  340.532271] Call Trace:
[  340.544596] Sending NMI from CPU 0 to CPUs 1:
[  340.558232]  __schedule+0x24e/0x890
[  340.569360] NMI backtrace for cpu 1
[  340.569361] CPU: 1 PID: 283 Comm: modprobe Tainted: G           OE    4.15.0-212-generic #223-Ubuntu
[  340.569361] Hardware name: innotek GmbH VirtualBox/VirtualBox, BIOS VirtualBox 12/01/2006
[  340.569362] RIP: 0010:io_serial_in+0x18/0x20
[  340.569362] RSP: 0018:ffff9cf57fd03ad8 EFLAGS: 00010002
[  340.569363] RAX: ffffffffbca20b00 RBX: ffffffffbdf16e60 RCX: 0000000000000000
[  340.569363] RDX: 00000000000003fd RSI: 0000000000000005 RDI: ffffffffbdf16e60
[  340.569363] RBP: ffff9cf57fd03ad8 R08: 0000000000000000 R09: 0000000000000007
[  340.569364] R10: 0000000000000000 R11: ffffffffbdd6a80d R12: 0000000000002710
[  340.569364] R13: 0000000000000020 R14: ffffffffbdd6a802 R15: ffffffffbdf16e60
[  340.569364] FS:  00007fc218f8b540(0000) GS:ffff9cf57fd00000(0000) knlGS:0000000000000000
[  340.569365] CS:  0010 DS: 0000 ES: 0000 CR0: 0000000080050033
[  340.569365] CR2: 00007f1a2d9035a0 CR3: 0000000036214004 CR4: 00000000000206e0
[  340.569365] Call Trace:
[  340.569365]  <IRQ>
[  340.569366]  wait_for_xmitr+0x47/0xb0
[  340.569366]  serial8250_console_putchar+0x1c/0x40
[  340.569366]  ? wait_for_xmitr+0xb0/0xb0
[  340.569366]  uart_console_write+0x4c/0x60
[  340.569367]  serial8250_console_write+0x10a/0x2a0
[  340.569367]  ? msg_print_text+0x80/0x100
[  340.569367]  univ8250_console_write+0x21/0x30
[  340.569367]  console_unlock+0x3cf/0x560
[  340.569367]  vprintk_emit+0x134/0x2c0
[  340.569368]  ? __schedule+0x24e/0x890
[  340.569368]  vprintk_default+0x29/0x50
[  340.569368]  vprintk_func+0x47/0xc0
[  340.569368]  printk+0x52/0x6e
[  340.569369]  ? kernel_text_address+0xe8/0xf0
[  340.569369]  ? __schedule+0x24e/0x890
[  340.569369]  ? __schedule+0x24e/0x890
[  340.569369]  show_trace_log_lvl+0x218/0x3d0
[  340.569384]  ? __schedule+0x24e/0x890
[  340.569384]  ? __schedule+0x24e/0x890
[  340.569384]  show_stack+0x34/0x50
[  340.569384]  sched_show_task+0xfe/0x130
[  340.569385]  rcu_check_gp_kthread_starvation+0xad/0xc0
[  340.569385]  rcu_check_callbacks+0x6c5/0x8e0
[  340.569385]  ? tick_sched_do_timer+0x50/0x50
[  340.569385]  update_process_times+0x2f/0x60
[  340.569386]  tick_sched_handle+0x26/0x70
[  340.569386]  ? tick_sched_do_timer+0x42/0x50
[  340.569386]  tick_sched_timer+0x39/0x80
[  340.569386]  __hrtimer_run_queues+0xdf/0x230
[  340.569387]  hrtimer_interrupt+0x97/0x180
[  340.569387]  smp_apic_timer_interrupt+0x6f/0x140
[  340.569387]  apic_timer_interrupt+0x90/0xa0
[  340.569387]  </IRQ>
[  340.569388] RIP: 0010:xor_sse_2_pf64+0x9d/0x1a0 [xor]
[  340.569388] RSP: 0018:ffffb311c03dfbe0 EFLAGS: 00010206 ORIG_RAX: ffffffffffffff11
[  340.569388] RAX: 0000000000000000 RBX: 0000000000000010 RCX: ffff9cf575cc15c0
[  340.569389] RDX: ffff9cf576303d00 RSI: ffff9cf576300d00 RDI: 0000000000000003
[  340.569389] RBP: ffffb311c03dfbf8 R08: ffffffffc058f680 R09: 0000000000aaaaaa
[  340.569389] R10: 0000000000000001 R11: 00000000ffffffff R12: ffff9cf576300000
[  340.569390] R13: ffff9cf576303000 R14: 0000000000000005 R15: 00000000fffee069
[  340.569390]  ? xor_sse_3_pf64+0x260/0x260 [xor]
[  340.569390]  do_xor_speed+0x7d/0xc9 [xor]
[  340.569390]  calibrate_xor_blocks+0xc3/0xf37 [xor]
[  340.569391]  ? do_xor_speed+0xc9/0xc9 [xor]
[  340.569391]  do_one_initcall+0x52/0x1b0
[  340.569391]  ? _cond_resched+0x19/0x40
[  340.569391]  ? kmem_cache_alloc_trace+0x167/0x1d0
[  340.569392]  ? do_init_module+0x27/0x1f2
[  340.569392]  do_init_module+0x4f/0x1f2
[  340.569392]  load_module+0x1aa7/0x1fd0
[  340.569392]  ? ima_post_read_file+0x96/0xa0
[  340.569393]  SYSC_finit_module+0xfc/0x120
[  340.569393]  ? SYSC_finit_module+0xfc/0x120
[  340.569393]  SyS_finit_module+0xe/0x10
[  340.569393]  do_syscall_64+0x73/0x130
[  340.569393]  entry_SYSCALL_64_after_hwframe+0x59/0xbe
[  340.569394] RIP: 0033:0x7fc218a8f539
[  340.569394] RSP: 002b:00007ffe1ba132a8 EFLAGS: 00000246 ORIG_RAX: 0000000000000139
[  340.569395] RAX: ffffffffffffffda RBX: 0000561e788a4620 RCX: 00007fc218a8f539
[  340.569395] RDX: 0000000000000000 RSI: 0000561e77e73cee RDI: 0000000000000005
[  340.569395] RBP: 0000561e77e73cee R08: 0000000000000000 R09: 0000561e788a3d20
[  340.569395] R10: 0000000000000005 R11: 0000000000000246 R12: 0000000000000000
[  340.569396] R13: 0000561e788ab5f0 R14: 0000000000060000 R15: 0000561e788a3d20
[  340.569396] Code: 48 89 e5 d3 e6 48 63 f6 48 03 77 10 8b 06 5d c3 0f 1f 00 0f 1f 44 00 00 0f b6 8f a1 00 00 00 8b 57 08 55 48 89 e5 d3 e6 01 f2 ec <0f> b6 c0 5d c3 0f 1f 00 0f 1f 44 00 00 0f b6 8f a1 00 00 00 89 
[  340.569406] rcu_sched kthread starved for 83732 jiffies! g18446744073709551479 c18446744073709551478 f0x0 RCU_GP_WAIT_FQS(3) ->state=0x402 ->cpu=0
[  340.580087]  schedule+0x2c/0x80
[  340.590958] rcu_sched       I    0     8      2 0x80000000
[  340.601658]  schedule_timeout+0x15d/0x370
[  340.624972] Call Trace:
[  340.639187]  ? __next_timer_interrupt+0xe0/0xe0
[  340.651759]  __schedule+0x24e/0x890
[  340.665123]  rcu_gp_kthread+0x53a/0x980
[  340.679097]  schedule+0x2c/0x80
[  340.697677]  kthread+0x121/0x140
[  340.714235]  schedule_timeout+0x15d/0x370
[  340.732472]  ? rcu_note_context_switch+0x150/0x150
[  340.750106]  ? __next_timer_interrupt+0xe0/0xe0
[  340.766284]  ? kthread_create_worker_on_cpu+0x70/0x70
[  340.780742]  rcu_gp_kthread+0x53a/0x980
[  340.796725]  ret_from_fork+0x35/0x40
[  340.808294]  kthread+0x121/0x140
[  340.818673] NMI backtrace for cpu 1
[  340.829527]  ? rcu_note_context_switch+0x150/0x150
[  340.840418] CPU: 1 PID: 283 Comm: modprobe Tainted: G           OE    4.15.0-212-generic #223-Ubuntu
[  340.851095]  ? kthread_create_worker_on_cpu+0x70/0x70
[  340.862387] Hardware name: innotek GmbH VirtualBox/VirtualBox, BIOS VirtualBox 12/01/2006
[  340.862389] Call Trace:
[  340.874190]  ret_from_fork+0x35/0x40
[  340.885711]  <IRQ>
[  341.746035]  dump_stack+0x6d/0x8b
[  341.758338]  nmi_cpu_backtrace+0x94/0xa0
[  341.771418]  ? lapic_can_unplug_cpu+0xb0/0xb0
[  341.784989]  nmi_trigger_cpumask_backtrace+0xe7/0x130
[  341.798785]  arch_trigger_cpumask_backtrace+0x19/0x20
[  341.810419]  rcu_dump_cpu_stacks+0xa3/0xd5
[  341.822286]  rcu_check_callbacks+0x6cd/0x8e0
[  341.834175]  ? tick_sched_do_timer+0x50/0x50
[  341.846073]  update_process_times+0x2f/0x60
[  341.857342]  tick_sched_handle+0x26/0x70
[  341.868549]  ? tick_sched_do_timer+0x42/0x50
[  341.880966]  tick_sched_timer+0x39/0x80
[  341.892726]  __hrtimer_run_queues+0xdf/0x230
[  341.908867]  hrtimer_interrupt+0x97/0x180
[  341.920476]  smp_apic_timer_interrupt+0x6f/0x140
[  341.932859]  apic_timer_interrupt+0x90/0xa0
[  341.945913]  </IRQ>
[  341.955840] RIP: 0010:xor_sse_2_pf64+0x9d/0x1a0 [xor]
[  341.968238] RSP: 0018:ffffb311c03dfbe0 EFLAGS: 00010206 ORIG_RAX: ffffffffffffff11
[  341.982395] RAX: 0000000000000000 RBX: 0000000000000010 RCX: ffff9cf575cc15c0
[  341.998451] RDX: ffff9cf576303d00 RSI: ffff9cf576300d00 RDI: 0000000000000003
[  342.013456] RBP: ffffb311c03dfbf8 R08: ffffffffc058f680 R09: 0000000000aaaaaa
[  342.027485] R10: 0000000000000001 R11: 00000000ffffffff R12: ffff9cf576300000
[  342.043593] R13: ffff9cf576303000 R14: 0000000000000005 R15: 00000000fffee069
[  342.054646]  ? xor_sse_3_pf64+0x260/0x260 [xor]
[  342.066806]  do_xor_speed+0x7d/0xc9 [xor]
[  342.078300]  calibrate_xor_blocks+0xc3/0xf37 [xor]
[  342.090570]  ? do_xor_speed+0xc9/0xc9 [xor]
[  342.101489]  do_one_initcall+0x52/0x1b0
[  342.113994]  ? _cond_resched+0x19/0x40
[  342.125637]  ? kmem_cache_alloc_trace+0x167/0x1d0
[  342.135843]  ? do_init_module+0x27/0x1f2
[  342.146621]  do_init_module+0x4f/0x1f2
[  342.156630]  load_module+0x1aa7/0x1fd0
[  342.165962]  ? ima_post_read_file+0x96/0xa0
[  342.175579]  SYSC_finit_module+0xfc/0x120
[  342.185220]  ? SYSC_finit_module+0xfc/0x120
[  342.194697]  SyS_finit_module+0xe/0x10
[  342.203890]  do_syscall_64+0x73/0x130
[  342.213042]  entry_SYSCALL_64_after_hwframe+0x59/0xbe
[  342.224607] RIP: 0033:0x7fc218a8f539
[  342.235729] RSP: 002b:00007ffe1ba132a8 EFLAGS: 00000246 ORIG_RAX: 0000000000000139
[  342.250425] RAX: ffffffffffffffda RBX: 0000561e788a4620 RCX: 00007fc218a8f539
[  342.264116] RDX: 0000000000000000 RSI: 0000561e77e73cee RDI: 0000000000000005
[  342.276294] RBP: 0000561e77e73cee R08: 0000000000000000 R09: 0000561e788a3d20
[  342.288194] R10: 0000000000000005 R11: 0000000000000246 R12: 0000000000000000
[  342.300007] R13: 0000561e788ab5f0 R14: 0000000000060000 R15: 0000561e788a3d20
[  342.397870]    prefetch64-sse: -95426.-104 MB/sec
[  342.501417]    generic_sse: 32493.000 MB/sec
[  342.511977] xor: using function: generic_sse (32493.000 MB/sec)
[  342.525736] async_tx: api initialized (async)
done.
Begin: Running /scripts/init-premount ... done.
Begin: Mounting root file system ... Begin: Running /scripts/local-top ... done.
Begin: Running /scripts/local-premount ... [  342.605203] Btrfs loaded, crc32c=crc32c-intel
Scanning for Btrfs filesystems
done.
Begin: Will now check root file system ... fsck from util-linux 2.31.1
[/sbin/fsck.ext4 (1) -- /dev/sda1] fsck.ext4 -a -C0 /dev/sda1 
cloudimg-rootfs: recovering journal
cloudimg-rootfs: clean, 76439/5120000 files, 792037/10485499 blocks
done.
[  342.717310] EXT4-fs (sda1): mounted filesystem with ordered data mode. Opts: (null)
done.
Begin: Running /scripts/local-bottom ... done.
Begin: Running /scripts/init-bottom ... done.
[  342.999487] ip_tables: (C) 2000-2006 Netfilter Core Team
[  343.022942] systemd[1]: systemd 237 running in system mode. (+PAM +AUDIT +SELINUX +IMA +APPARMOR +SMACK +SYSVINIT +UTMP +LIBCRYPTSETUP +GCRYPT +GNUTLS +ACL +XZ +LZ4 +SECCOMP +BLKID +ELFUTILS +KMOD -IDN2 +IDN -PCRE2 default-hierarchy=hybrid)
[  343.059708] systemd[1]: Detected virtualization oracle.
[  343.071203] systemd[1]: Detected architecture x86-64.

Welcome to [1mUbuntu 18.04.6 LTS[0m!

[  343.111490] systemd[1]: Set hostname to <ubuntu-bionic>.
[  343.505428] systemd[1]: Started Forward Password Requests to Wall Directory Watch.
[[0;32m  OK  [0m] Started Forward Password Requests to Wall Directory Watch.
[  343.533388] systemd[1]: Set up automount Arbitrary Executable File Formats File System Automount Point.
[[0;32m  OK  [0m] Set up automount Arbitrary Executabâ€¦rmats File System Automount Point.
[  343.569362] systemd[1]: Created slice User and Session Slice.
[[0;32m  OK  [0m] Created slice User and Session Slice.
[  343.583371] systemd[1]: Reached target Mounting snaps.
[[0;32m  OK  [0m] Reached target Mounting snaps.
[  343.596654] systemd[1]: Reached target Swap.
[[0;32m  OK  [0m] Reached target Swap.
[  343.608997] systemd[1]: Reached target User and Group Name Lookups.
[[0;32m  OK  [0m] Reached target User and Group Name Lookups.
[[0;32m  OK  [0m] Created slice System Slice.
[[0;32m  OK  [0m] Listening on Journal Socket.
         Starting Uncomplicated firewall...
         Mounting Kernel Debug File System...
[[0;32m  OK  [0m] Listening on udev Control Socket.
[[0;32m  OK  [0m] Listening on LVM2 poll daemon socket.
[[0;32m  OK  [0m] Created slice system-serial\x2dgetty.slice.
[[0;32m  OK  [0m] Listening on LVM2 metadata daemon socket.
[[0;32m  OK  [0m] Listening on Journal Audit Socket.
         Mounting POSIX Message Queue File System...
[[0;32m  OK  [0m] Listening on Journal Socket (/dev/log).
[[0;32m  OK  [0m] Listening on fsck to fsckd communication Socket.
         Starting Create list of required stâ€¦ce nodes for the current kernel...
[[0;32m  OK  [0m] Listening on /dev/initctl Compatibility Named Pipe.
         Starting Set the console keyboard layout...
         Starting Load Kernel Modules...
         Starting Remount Root and Kernel File Systems...
[[0;32m  OK  [0m] Listening on udev Kernel Socket.
         Starting udev Coldplug all Devices...
[[0;32m  OK  [0m] Reached target System Time Synchronized.
[[0;32m  OK  [0m] Listening on Syslog Socket.
[[0;32m  OK  [0m] Reached target Slices.
[[0;32m  OK  [0m] Reached target Mounted snaps.[  343.701351] Loading iSCSI transport class v2.0-870.

[[0;32m  OK  [0m] Listening on Device-mapper event daemon FIFOs.
         Starting Monitoring of LVM2 mirrorsâ€¦ng dmeventd or progress polling...
         Mounting Huge Pages File System...
[  343.753531] iscsi: registered transport (tcp)
[  343.772998] EXT4-fs (sda1): re-mounted. Opts: (null)
         Starting Journal Service...
[[0;32m  OK  [0m] Listening on Network Service Netlink Socket.
[[0;32m  OK  [0m] Started Uncomplicated firewall.
[[0;32m  OK  [0m] Mounted Kernel Debug File System.
[[0;32m  OK  [0m] Mounted POSIX Message Queue File System.
[[0;32m  OK  [0m] Started Create list of required staâ€¦vice nodes for the current kernel.
[[0;32m  OK  [0m] Started Remount Root and Kernel File Systems.
[[0;32m  OK  [0m] Mounted Huge Pages File System.
         Starting Load/Save Random Seed...
         Starting Create Static Device Nodes in /dev...
[[0;32m  OK  [0m] Started udev Coldplug all Devices.
[[0;32m  OK  [0m] Started Journal Service.
         Starting Flush Journal to Persistent Storage...
[[0;32m  OK  [0m] Started LVM2 metadata daemon.
[[0;32m  OK  [0m] Started Load/Save Random Seed.
[[0;32m  OK  [0m] Started Create Static Device Nodes in /dev.
         Starting udev Kernel Device Manager...
[  344.025167] systemd-journald[428]: Received request to flush runtime journal from PID 1
[[0;32m  OK  [0m] Started Monitoring of LVM2 mirrors,â€¦sing dmeventd or progress polling.
[[0;32m  OK  [0m] Started Set the console keyboard layout.
[[0;32m  OK  [0m] Reached target Local File Systems (Pre).
[[0;32m  OK  [0m] Reached target Local File Systems.
         Starting Tell Plymouth To Write Out Runtime Data...
         Starting ebtables ruleset management...
         Starting Set console font and keymap...
         Starting AppArmor initialization...
[[0;32m  OK  [0m] Started udev Kernel Device Manager.
[[0;32m  OK  [0m] Started Dispatch Password Requests to Console Directory Watch.
[[0;32m  OK  [0m] Reached target Local Encrypted Volumes.
[[0;32m  OK  [0m] Started Tell Plymouth To Write Out Runtime Data.
[[0;32m  OK  [0m] Started Set console font and keymap.
[  344.226499] iscsi: registered transport (iser)
[  344.267370] systemd-journald[428]: File /var/log/journal/e1558cd88a494374a065639055b840a3/system.journal corrupted or uncleanly shut down, renaming and replacing.
[[0;32m  OK  [0m] Started Load Kernel Modules.
         Mounting FUSE Control File System...
         Mounting Kernel Configuration File System...
         Starting Apply Kernel Variables...
[[0;32m  OK  [0m] Mounted FUSE Control File System.
[[0;32m  OK  [0m] Mounted Kernel Configuration File System.
[[0;32m  OK  [0m] Started Flush Journal to Persistent Storage.
         Starting Create Volatile Files and Directories...
[[0;32m  OK  [0m] Started ebtables ruleset management.
[[0;32m  OK  [0m] Started Apply Kernel Variables.
[[0;32m  OK  [0m] Started Create Volatile Files and Directories.
         Starting Update UTMP about System Boot/Shutdown...
[[0;32m  OK  [0m] Started Update UTMP about System Boot/Shutdown.
[[0;32m  OK  [0m] Found device /dev/ttyS0.
[[0;32m  OK  [0m] Started AppArmor initialization.
         Starting Load AppArmor profiles managed internally by snapd...
         Starting Initial cloud-init job (pre-networking)...
[[0;32m  OK  [0m] Listening on Load/Save RF Kill Switch Status /dev/rfkill Watch.
         Mounting Arbitrary Executable File Formats File System...
[[0;32m  OK  [0m] Mounted Arbitrary Executable File Formats File System.
[[0;32m  OK  [0m] Started Load AppArmor profiles managed internally by snapd.
[  346.700242] cloud-init[562]: Cloud-init v. 23.1.2-0ubuntu0~18.04.1 running 'init-local' at Sat, 09 Nov 2024 00:36:57 +0000. Up 346.48 seconds.
[[0;32m  OK  [0m] Started Initial cloud-init job (pre-networking).
[[0;32m  OK  [0m] Reached target Network (Pre).
         Starting Network Service...
[[0;32m  OK  [0m] Started Network Service.
         Starting Network Name Resolution...
         Starting Wait for Network to be Configured...
[[0;32m  OK  [0m] Started Network Name Resolution.
[[0;32m  OK  [0m] Reached target Network.
[[0;32m  OK  [0m] Reached target Host and Network Name Lookups.
[[0;32m  OK  [0m] Started Wait for Network to be Configured.
         Starting Initial cloud-init job (metadata service crawler)...
[  349.126452] cloud-init[731]: Cloud-init v. 23.1.2-0ubuntu0~18.04.1 running 'init' at Sat, 09 Nov 2024 00:37:00 +0000. Up 348.95 seconds.
[  349.138197] cloud-init[731]: ci-info: ++++++++++++++++++++++++++++++++++++++Net device info++++++++++++++++++++++++++++++++++++++
[  349.149247] cloud-init[731]: ci-info: +--------+------+----------------------------+---------------+--------+-------------------+
[  349.161209] cloud-init[731]: ci-info: | Device |  Up  |          Address           |      Mask     | Scope  |     Hw-Address    |
[  349.174572] cloud-init[731]: ci-info: +--------+------+----------------------------+---------------+--------+-------------------+
[  349.190843] cloud-init[731]: ci-info: | enp0s3 | True |         10.0.2.15          | 255.255.255.0 | global | 02:3b:7b:b7:3b:2d |
[  349.203430] cloud-init[731]: ci-info: | enp0s3 | True | fe80::3b:7bff:feb7:3b2d/64 |       .       |  link  | 02:3b:7b:b7:3b:2d |
[  349.211663] cloud-init[731]: ci-info: |   lo   | True |         127.0.0.1          |   255.0.0.0   |  host  |         .         |
[  349.220641] cloud-init[731]: ci-info: |   lo   | True |          ::1/128           |       .       |  host  |         .         |
[  349.228422] cloud-init[731]: ci-info: +--------+------+----------------------------+---------------+--------+-------------------+
[  349.240657] cloud-init[731]: ci-info: ++++++++++++++++++++++++++++Route IPv4 info+++++++++++++++++++++++++++++
[  349.253422] cloud-init[731]: ci-info: +-------+-------------+----------+-----------------+-----------+-------+
[  349.264567] cloud-init[731]: ci-info: | Route | Destination | Gateway  |     Genmask     | Interface | Flags |
[  349.272812] cloud-init[731]: ci-info: +-------+-------------+----------+-----------------+-----------+-------+
[  349.279146] cloud-init[731]: ci-info: |   0   |   0.0.0.0   | 10.0.2.2 |     0.0.0.0     |   enp0s3  |   UG  |
[  349.286699] cloud-init[731]: ci-info: |   1   |   10.0.2.0  | 0.0.0.0  |  255.255.255.0  |   enp0s3  |   U   |
[  349.294320] cloud-init[731]: ci-info: |   2   |   10.0.2.2  | 0.0.0.0  | 255.255.255.255 |   enp0s3  |   UH  |
[  349.304494] cloud-init[731]: ci-info: +-------+-------------+----------+-----------------+-----------+-------+
[  349.313304] cloud-init[731]: ci-info: +++++++++++++++++++Route IPv6 info+++++++++++++++++++
[  349.323631] cloud-init[731]: ci-info: +-------+-------------+---------+-----------+-------+
[  349.330081] cloud-init[731]: ci-info: | Route | Destination | Gateway | Interface | Flags |
[  349.337747] cloud-init[731]: ci-info: +-------+-------------+---------+-----------+-------+
[  349.345689] cloud-init[731]: ci-info: |   1   |  fe80::/64  |    ::   |   enp0s3  |   U   |
[  349.349189] cloud-init[731]: ci-info: |   3   |    local    |    ::   |   enp0s3  |   U   |
[  349.353628] cloud-init[731]: ci-info: |   4   |   ff00::/8  |    ::   |   enp0s3  |   U   |
[  349.357431] cloud-init[731]: ci-info: +-------+-------------+---------+-----------+-------+
[[0;32m  OK  [0m] Started Initial cloud-init job (metadata service crawler).
[[0;32m  OK  [0m] Reached target System Initialization.
[[0;32m  OK  [0m] Started Daily apt download activities.
[[0;32m  OK  [0m] Started Discard unused blocks once a week.
[[0;32m  OK  [0m] Listening on ACPID Listen Socket.
[[0;32m  OK  [0m] Listening on UUID daemon activation socket.
[[0;32m  OK  [0m] Started Daily apt upgrade and clean activities.
[[0;32m  OK  [0m] Listening on Open-iSCSI iscsid Socket.
[[0;32m  OK  [0m] Started Ubuntu Advantage Timer for running repeated jobs.
[[0;32m  OK  [0m] Listening on cloud-init hotplug hook socket.
[[0;32m  OK  [0m] Started ACPI Events Check.
[[0;32m  OK  [0m] Reached target Paths.
         Starting Socket activation for snappy daemon.
         Starting LXD - unix socket.
[[0;32m  OK  [0m] Listening on D-Bus System Message Bus Socket.
[[0;32m  OK  [0m] Started Daily Cleanup of Temporary Directories.
[[0;32m  OK  [0m] Started Message of the Day.
[[0;32m  OK  [0m] Reached target Timers.
[[0;32m  OK  [0m] Reached target Network is Online.
         Starting Availability of block devices...
[[0;32m  OK  [0m] Reached target Remote File Systems (Pre).
         Mounting /vagrant...
[[0;32m  OK  [0m] Reached target Cloud-config availability.
[[0;32m  OK  [0m] Listening on Socket activation for snappy daemon.
[[0;32m  OK  [0m] Listening on LXD - unix socket.
[[0;32m  OK  [0m] Started Availability of block devices.
[[0;32m  OK  [0m] Reached target Sockets.
[[0;32m  OK  [0m] Reached target Basic System.
         Starting Dispatcher daemon for systemd-networkd...
         Starting vboxadd.service...
[[0;32m  OK  [0m] Started irqbalance daemon.
[[0;32m  OK  [0m] Started Regular background program processing daemon.
         Starting LXD - container startup/shutdown...
[[0;32m  OK  [0m] Reached target Login Prompts (Pre).
[[0;32m  OK  [0m] Started D-Bus System Message Bus.
[[0;32m  OK  [0m] Started FUSE filesystem for LXC.
         Starting LSB: Record successful boot for GRUB...
         Starting Message of the Day...
[[0;32m  OK  [0m] Started Deferred execution scheduler.
         Starting System Logging Service...
         Starting Accounts Service...
         Starting Snap Daemon...
         Starting Login Service...
         Starting OpenBSD Secure Shell server...
[[0;1;31mFAILED[0m] Failed to mount /vagrant.
See 'systemctl status vagrant.mount' for details.
[[0;1;33mDEPEND[0m] Dependency failed for Remote File Systems.
[[0;32m  OK  [0m] Started LXD - container startup/shutdown.
[[0;32m  OK  [0m] Started System Logging Service.
[[0;32m  OK  [0m] Started Login Service.
[[0;32m  OK  [0m] Started Unattended Upgrades Shutdown.
         Starting Authorization Manager...
         Starting LSB: automatic crash report generation...
         Starting Permit User Sessions...
[[0;32m  OK  [0m] Started Permit User Sessions.
         Starting Terminate Plymouth Boot Screen...
         Starting Hold until boot process finishes up...
[[0;32m  OK  [0m] Started Hold until boot process finishes up.
         Starting Set console scheme...
[[0;32m  OK  [0m] Started Serial Getty on ttyS0.
[[0;32m  OK  [0m] Started Terminate Plymouth Boot Screen.
[[0;32m  OK  [0m] Started Authorization Manager.
[[0;32m  OK  [0m] Started Accounts Service.
[[0;32m  OK  [0m] Started Set console scheme.
[[0;32m  OK  [0m] Created slice system-getty.slice.
[[0;32m  OK  [0m] Started Getty on tty1.
[[0;32m  OK  [0m] Reached target Login Prompts.
[[0;32m  OK  [0m] Started Dispatcher daemon for systemd-networkd.
[[0;32m  OK  [0m] Started LSB: Record successful boot for GRUB.
[[0;32m  OK  [0m] Started OpenBSD Secure Shell server.
[[0;32m  OK  [0m] Started LSB: automatic crash report generation.
[[0;32m  OK  [0m] Started vboxadd.service.
         Starting vboxadd-service.service...
[[0;32m  OK  [0m] Started vboxadd-service.service.
[[0;32m  OK  [0m] Started Snap Daemon.
         Starting Wait until snapd is fully seeded...
         Starting Time & Date Service...
[[0;32m  OK  [0m] Started Time & Date Service.
[[0;32m  OK  [0m] Started Wait until snapd is fully seeded.
         Starting Apply the settings specified in cloud-config...
[  352.259182] cloud-init[1292]: Cloud-init v. 23.1.2-0ubuntu0~18.04.1 running 'modules:config' at Sat, 09 Nov 2024 00:37:03 +0000. Up 352.14 seconds.
[[0;32m  OK  [0m] Started Apply the settings specified in cloud-config.
[[0;32m  OK  [0m] Reached target Multi-User System.
[[0;32m  OK  [0m] Reached target Graphical Interface.
         Starting Update UTMP about System Runlevel Changes...
         Starting Execute cloud user/final scripts...
[[0;32m  OK  [0m] Started Update UTMP about System Runlevel Changes.
[  353.061705] cloud-init[1336]: Cloud-init v. 23.1.2-0ubuntu0~18.04.1 running 'modules:final' at Sat, 09 Nov 2024 00:37:04 +0000. Up 352.87 seconds.
[  353.073371] cloud-init[1336]: Cloud-init v. 23.1.2-0ubuntu0~18.04.1 finished at Sat, 09 Nov 2024 00:37:04 +0000. Datasource DataSourceNoCloud [seed=/dev/sdb][dsmode=net].  Up 353.05 seconds
[[0;32m  OK  [0m] Started Execute cloud user/final scripts.
[[0;32m  OK  [0m] Reached target Cloud-init target.
         Starting Daily apt download activities...
         Starting Update APT News...
         Starting Update the local ESM caches...

Ubuntu 18.04.6 LTS ubuntu-bionic ttyS0

ubuntu-bionic login:          Starting Update APT News...
         Starting Update the local ESM caches...
[[0;32m  OK  [0m] Started Update APT News.
[[0;32m  OK  [0m] Started Update the local ESM caches.
         Starting Update APT News...
         Starting Update the local ESM caches...
[[0;32m  OK  [0m] Started Update APT News.
[[0;32m  OK  [0m] Started Update the local ESM caches.
[[0;32m  OK  [0m] Started Daily apt upgrade and clean activities.
